// Jest Snapshot v1, https://goo.gl/fbAQLP

exports[`renders homepage unchanged 1`] = `
<div>
  <div
    class="container"
  >
    <main>
      <h1
        class="title"
      >
        <a
          href="/"
        >
          Albums & Photos App
        </a>
      </h1>
      <div
        class="grid"
      >
        Albums not rendered yet, wait for it...
      </div>
    </main>
    <footer
      class="footer"
    >
      <a
        href="https://nsblog.hashnode.dev/"
        rel="noopener noreferrer"
        target="_blank"
      >
        Developed by Navdeep Singh
      </a>
    </footer>
  </div>
</div>
`;
